# Error Handling Examples
# Twitter CLI provides friendly error messages with suggestions

---

# Invalid Tweet ID

$ twitter-cli replies abc123

‚úó Invalid tweet ID or URL

Expected formats:
  ‚Ä¢ Numeric ID: 1234567890123456789
  ‚Ä¢ Twitter URL: https://twitter.com/user/status/1234567890123456789
  ‚Ä¢ X URL: https://x.com/user/status/1234567890123456789

---

# User Not Found

$ twitter-cli user nonexistentuser12345

‚úó User @nonexistentuser12345 not found

Double-check the username and try again.
Note: The username is case-insensitive.

---

# Invalid Username Format

$ twitter-cli user "user with spaces"

‚úó Invalid username format

Twitter usernames:
  ‚Ä¢ Are 1-15 characters long
  ‚Ä¢ Contain only letters, numbers, and underscores
  ‚Ä¢ Do not contain spaces or special characters

---

# Rate Limit Exceeded

$ twitter-cli search "popular topic"

‚úó Twitter API rate limit exceeded

Suggestions:
  ‚Ä¢ Wait 15 minutes for the rate limit to reset
  ‚Ä¢ Use cached results if available
  ‚Ä¢ Reduce the --limit to fetch fewer tweets

---

# Rate Limit Warning (low remaining)

$ twitter-cli search "AI" -n 50

üîç Search: "AI"
Found 50 tweets

[... tweet output ...]

‚ö† Rate limit low: 5/180 requests remaining
  Resets in 8m 32s

---

# Authentication Error

$ twitter-cli search "test"

‚úó Authentication failed

Your API token may be invalid or expired.
Run `twitter-cli config init` to set up a new token.

---

# Network Error

$ twitter-cli search "test"

‚úó Network error: Unable to connect to Twitter

Check your internet connection and try again.

---

# No Results Found

$ twitter-cli search "xyzabcnonexistent12345"

‚Ñπ No tweets found matching your query.

Suggestions:
  ‚Ä¢ Try a broader search term
  ‚Ä¢ Remove or adjust filters (--min-likes, --verified)
  ‚Ä¢ Expand the time range (--time 7d)

---

# Protected/Suspended Account

$ twitter-cli user suspended_account

‚úó Cannot access @suspended_account

This account may be suspended or protected.

---

# Color-coded output:

  ‚úì Green    - Success messages
  ‚úó Red      - Error messages
  ‚ö† Yellow   - Warning messages
  ‚Ñπ Blue     - Info messages
  (dim)      - Hints and suggestions

---

# Disable colors for scripts:

$ twitter-cli search "AI" --no-color

# Or set environment variable:
$ NO_COLOR=1 twitter-cli search "AI"
